Using checkpoint: model
Loading weights:   0%|          | 0/27 [00:00<?, ?it/s]Loading weights: 100%|██████████| 27/27 [00:00<00:00, 8120.92it/s]
Evaluating /mnt/raid0/RecursiveCompressor/experiments/logkv-rope-scale-20260910/exp/copying/alpha-half-fixed10-20260910/model on 41 horizons (T=1..131072), 256 samples each, device=cuda:0
T=      1 | token 1.0000 | string 1.0000 | 0.6s <= train horizon
T=      2 | token 0.9984 | string 0.9844 | 0.0s <= train horizon
T=      3 | token 0.9988 | string 0.9883 | 0.0s <= train horizon
T=      4 | token 0.9992 | string 0.9922 | 0.0s <= train horizon
T=      5 | token 0.9984 | string 0.9883 | 0.0s <= train horizon
T=      6 | token 0.9996 | string 0.9961 | 0.0s <= train horizon
T=      7 | token 0.9992 | string 0.9922 | 0.0s <= train horizon
T=      8 | token 1.0000 | string 1.0000 | 0.0s <= train horizon
T=      9 | token 0.9984 | string 0.9883 | 0.0s <= train horizon
T=     10 | token 1.0000 | string 1.0000 | 0.0s <= train horizon
T=     11 | token 1.0000 | string 1.0000 | 0.0s <= train horizon
T=     12 | token 0.9996 | string 0.9961 | 0.0s <= train horizon
T=     13 | token 1.0000 | string 1.0000 | 0.0s <= train horizon
T=     14 | token 1.0000 | string 1.0000 | 0.0s <= train horizon
T=     16 | token 0.9992 | string 0.9922 | 0.0s <= train horizon
T=     24 | token 0.9996 | string 0.9961 | 0.0s <= train horizon
T=     32 | token 0.9988 | string 0.9883 | 0.0s <= train horizon
T=     48 | token 0.9996 | string 0.9961 | 0.1s <= train horizon
T=     64 | token 0.9992 | string 0.9922 | 0.1s <= train horizon
T=     96 | token 0.9984 | string 0.9844 | 0.1s <= train horizon
T=    128 | token 0.9988 | string 0.9883 | 0.1s <= train horizon
T=    192 | token 0.9984 | string 0.9844 | 0.2s <= train horizon
T=    256 | token 0.9996 | string 0.9961 | 0.3s <= train horizon
T=    384 | token 0.9992 | string 0.9922 | 0.4s <= train horizon
T=    512 | token 0.9965 | string 0.9648 | 0.6s <= train horizon
T=    768 | token 0.9992 | string 0.9922 | 0.8s <= train horizon
T=   1024 | token 0.9996 | string 0.9961 | 1.3s <= train horizon
T=   1536 | token 0.9988 | string 0.9883 | 1.9s <= train horizon
T=   2048 | token 0.9992 | string 0.9922 | 2.6s
T=   3072 | token 0.9988 | string 0.9883 | 3.9s
T=   4096 | token 0.9816 | string 0.8164 | 6.1s
T=   6144 | token 0.9859 | string 0.8594 | 9.2s
T=   8192 | token 0.9996 | string 0.9961 | 12.2s
T=  12288 | token 0.9973 | string 0.9766 | 18.1s
T=  16384 | token 0.9348 | string 0.3789 | 25.6s
T=  24576 | token 0.9230 | string 0.3125 | 39.1s
T=  32768 | token 0.9883 | string 0.8828 | 52.6s
T=  49152 | token 0.9941 | string 0.9414 | 80.6s
T=  65536 | token 0.8637 | string 0.1172 | 107.7s
T=  98304 | token 0.8637 | string 0.0898 | 167.0s
T= 131072 | token 0.9379 | string 0.4062 | 226.8s
Saved /mnt/raid0/RecursiveCompressor/experiments/logkv-rope-scale-20260910/exp/copying/alpha-half-fixed10-20260910/results.json
Saved /mnt/raid0/RecursiveCompressor/experiments/logkv-rope-scale-20260910/exp/copying/alpha-half-fixed10-20260910/plot.png
Loading weights:   0%|          | 0/27 [00:00<?, ?it/s]Loading weights: 100%|██████████| 27/27 [00:00<00:00, 4347.26it/s]
paired T=3 token=0.99375 string=0.9375
paired T=16 token=1.0 string=1.0
paired T=8192 token=1.0 string=1.0
paired T=16383 token=0.934375 string=0.375
paired T=16384 token=0.91875 string=0.25
paired T=16385 token=0.96875 string=0.6875
paired T=32767 token=0.984375 string=0.84375
paired T=32768 token=0.990625 string=0.90625
paired T=32769 token=0.996875 string=0.96875
paired T=49144 token=1.0 string=1.0
paired T=49145 token=1.0 string=1.0
paired T=49146 token=1.0 string=1.0
paired T=49147 token=0.996875 string=0.96875
paired T=49148 token=1.0 string=1.0
paired T=49149 token=1.0 string=1.0
paired T=49150 token=0.996875 string=0.96875
paired T=49151 token=0.990625 string=0.90625
paired T=49152 token=0.996875 string=0.96875
paired T=49153 token=1.0 string=1.0
paired T=49154 token=1.0 string=1.0
paired T=49155 token=1.0 string=1.0
paired T=49156 token=1.0 string=1.0
paired T=49157 token=1.0 string=1.0
paired T=49158 token=1.0 string=1.0
paired T=49159 token=1.0 string=1.0
paired T=49160 token=1.0 string=1.0
paired T=65535 token=0.890625 string=0.15625
paired T=65536 token=0.871875 string=0.125
paired T=65537 token=0.925 string=0.34375
paired T=98303 token=0.890625 string=0.15625
paired T=98304 token=0.871875 string=0.125
paired T=98305 token=0.925 string=0.34375
paired T=131071 token=0.928125 string=0.34375
paired T=131072 token=0.925 string=0.28125
