===== step 1000 =====
[日本の首都は] 日本の首都は100万ドルで最も広がり、現在に至ります。

[昔々あるところに] 昔々あるところに、あたしは自分の力でやっていることがわかりますよ。
あんこで食べ物に食べている。
「カオ」は、そういった意味で、12年はもう少し離れた場所にいるのがちょっと待っていたのですが、あんまり書いてみることもできない
だから、自分もまた自分自身が集まるようになる。と書かれ
[人工知能とは] 人工知能とは知っているのは、本物だからと知っているので、おはぎにくいしつけをしました。
ちなみに、最近では、フロアでの販売のメリットとデメリットとデュアルレが数値だったため、マネジメントと違う場所です。
ただ、自分の好きな人は、あまり使わないようにしてください。
これって、今、こんなことない
===== step 2000 =====
[日本の首都は] 日本の首都は、日韓に相対的に影響を与えている可能性が強い。
しかし、大正期（1990年）に近畿地方で中国と大州方との戦いは起こった。

[昔々あるところに] 昔々あるところに位置し、近況が違いますね。おまけに、本日(18日)の9時間10時(夕食)の時間帯は午前10時から20時まで。
昨日14時ごろに撮影した、4月20日（日）は8月28日（月）より予約が取りやす
[人工知能とは] 人工知能とは、特定の分野を支援する専門家を創造的に支援するプロセスです。
その多くは、アジア、アジア系の医療機器、食品業界、工場を対象としたインディスカバアジア系系、日本、中国、大都市を拠点とする国、インドで生命の健康に生まれつつ、多くの
===== step 3000 =====
[日本の首都は] 日本の首都は、東京や渋谷など東北、西日本の各地で、それぞれ都市の1つが日本一、世界一となっている。

歴史 
 1968年（昭和17年）3月 - 韓国に編入され、中国・米国が開かれる。

国際的な主要な地方 
日本の地方の地域
[昔々あるところに] 昔々あるところに泊められた写真のうちにも関わらず、私の住んでいたマンションにいたからもう一台買って帰ってきたという事だった。
こんなにも多くの写真で、本当に親切に撮ってみたいと思います。

[人工知能とは] 人工知能とは、生命活動を体験する仕組みであり、企業の技術力を高めるためには、社会的要求事項を根源的なものにすることである。
それ以外に、人間の本質、人によって得られるものを、他人の言葉で伝えることは、社会が役割とその実現の基礎になります。
人々は、その価値を価値とは
===== step 4000 =====
[日本の首都は] 日本の首都は、その土地があまりに美しく、そして国内では有名な話、歴史に残る「国立博物館」は、日本の芸術には、日本国内においての特集をはじめとする、科学技術の発達、発展に伴って、世界の文明が発展してきている。日本で「大西洋美術館の再
[昔々あるところに] 昔々あるところに「白雪姫」という街があったりします。
「かぐや姫」で有名な八王子の「あやがれ」は、まさか宇津姫が一番知るような、真っ向から見えてこないと、本当にその通りなのです。
ただ、この「金子家」という言葉も、その世の中には「大野君
[人工知能とは] 人工知能とは、社会を構築して人々の役割分担を高速にすることを意味する。特に、人口の増加に伴って、人間性や環境はどんどん大きく成長を遂げている。

===== step 5000 =====
[日本の首都は] 日本の首都は、観光客が多すぎて日本は観光客も少なくありません。その分、日本は日本にも多いようです。そこで今回は、そんな旅の最中は訪れなかったのが、日本人は多いのでは？
ということで、このブログの記事は、日本人が観光を楽しんだ理由についてご紹介します。
特に「日本の大学が世界人口の75%を占める外国人
[昔々あるところに] 昔々あるところに、オカズが集まったのです。　そこでオナニーの最前列が出来た、
その場にいた私に、オレは泣き出したのです。そして、二人とも、ずっと泣いているのだと思います。
自分は、そんなに不思議なことでもないので、もう少し具体的な話にしていきたいです。
私の場合、普通
[人工知能とは] 人工知能とは、人間の知性、身体、行動に影響する言語のこと。
これらには、人間の脳は、人間の身体が作られる神経の構造的な構造はなく、動作、知覚に属する物質と人間の脳に潜在的または生物学的作用があるため、生命や動作や自己の細
