Using checkpoint: model
Loading weights:   0%|          | 0/27 [00:00<?, ?it/s]Loading weights: 100%|██████████| 27/27 [00:00<00:00, 9398.81it/s]
Evaluating /mnt/raid0/RecursiveCompressor/experiments/logkv-aligned-rope-20260913/exp/copying/local-control-fixed10-20260913/model on 41 horizons (T=1..131072), 256 samples each, device=cuda:0
T=      1 | token 1.0000 | string 1.0000 | 0.6s <= train horizon
T=      2 | token 0.9992 | string 0.9922 | 0.0s <= train horizon
T=      3 | token 1.0000 | string 1.0000 | 0.0s <= train horizon
T=      4 | token 0.9988 | string 0.9922 | 0.0s <= train horizon
T=      5 | token 0.9996 | string 0.9961 | 0.0s <= train horizon
T=      6 | token 0.9965 | string 0.9648 | 0.0s <= train horizon
T=      7 | token 0.9996 | string 0.9961 | 0.0s <= train horizon
T=      8 | token 0.9996 | string 0.9961 | 0.0s <= train horizon
T=      9 | token 1.0000 | string 1.0000 | 0.0s <= train horizon
T=     10 | token 1.0000 | string 1.0000 | 0.0s <= train horizon
T=     11 | token 1.0000 | string 1.0000 | 0.0s <= train horizon
T=     12 | token 1.0000 | string 1.0000 | 0.0s <= train horizon
T=     13 | token 1.0000 | string 1.0000 | 0.0s <= train horizon
T=     14 | token 1.0000 | string 1.0000 | 0.0s <= train horizon
T=     16 | token 0.9996 | string 0.9961 | 0.0s <= train horizon
T=     24 | token 1.0000 | string 1.0000 | 0.0s <= train horizon
T=     32 | token 0.9996 | string 0.9961 | 0.0s <= train horizon
T=     48 | token 0.9996 | string 0.9961 | 0.0s <= train horizon
T=     64 | token 0.9996 | string 0.9961 | 0.1s <= train horizon
T=     96 | token 0.9996 | string 0.9961 | 0.1s <= train horizon
T=    128 | token 0.9992 | string 0.9922 | 0.1s <= train horizon
T=    192 | token 0.9996 | string 0.9961 | 0.2s <= train horizon
T=    256 | token 0.9996 | string 0.9961 | 0.3s <= train horizon
T=    384 | token 0.9988 | string 0.9883 | 0.4s <= train horizon
T=    512 | token 0.9973 | string 0.9727 | 0.5s <= train horizon
T=    768 | token 0.9984 | string 0.9883 | 0.7s <= train horizon
T=   1024 | token 0.9992 | string 0.9922 | 1.1s <= train horizon
T=   1536 | token 0.9992 | string 0.9922 | 1.7s <= train horizon
T=   2048 | token 0.9988 | string 0.9883 | 2.2s
T=   3072 | token 0.9992 | string 0.9922 | 3.4s
T=   4096 | token 0.9996 | string 0.9961 | 5.2s
T=   6144 | token 0.9996 | string 0.9961 | 7.9s
T=   8192 | token 0.9977 | string 0.9766 | 10.4s
T=  12288 | token 0.9992 | string 0.9922 | 15.6s
T=  16384 | token 0.9980 | string 0.9805 | 22.3s
T=  24576 | token 0.9980 | string 0.9805 | 34.1s
T=  32768 | token 0.9977 | string 0.9766 | 47.1s
T=  49152 | token 0.9984 | string 0.9844 | 68.3s
T=  65536 | token 0.9918 | string 0.9180 | 92.9s
T=  98304 | token 0.9930 | string 0.9375 | 144.2s
T= 131072 | token 0.9824 | string 0.8320 | 196.1s
Saved /mnt/raid0/RecursiveCompressor/experiments/logkv-aligned-rope-20260913/exp/copying/local-control-fixed10-20260913/results.json
Saved /mnt/raid0/RecursiveCompressor/experiments/logkv-aligned-rope-20260913/exp/copying/local-control-fixed10-20260913/plot.png
Loading weights:   0%|          | 0/27 [00:00<?, ?it/s]Loading weights: 100%|██████████| 27/27 [00:00<00:00, 4804.06it/s]
paired T=3 token=1.0 string=1.0
paired T=16 token=1.0 string=1.0
paired T=8192 token=1.0 string=1.0
paired T=16383 token=0.978125 string=0.78125
paired T=16384 token=1.0 string=1.0
paired T=16385 token=1.0 string=1.0
paired T=32767 token=0.95625 string=0.65625
paired T=32768 token=1.0 string=1.0
paired T=32769 token=1.0 string=1.0
paired T=49144 token=0.996875 string=0.96875
paired T=49145 token=1.0 string=1.0
paired T=49146 token=0.91875 string=0.1875
paired T=49147 token=0.984375 string=0.84375
paired T=49148 token=1.0 string=1.0
paired T=49149 token=1.0 string=1.0
paired T=49150 token=0.99375 string=0.9375
paired T=49151 token=0.965625 string=0.6875
paired T=49152 token=1.0 string=1.0
paired T=49153 token=0.996875 string=0.96875
paired T=49154 token=0.884375 string=0.3125
paired T=49155 token=0.884375 string=0.40625
paired T=49156 token=0.909375 string=0.28125
paired T=49157 token=0.853125 string=0.0625
paired T=49158 token=0.8625 string=0.15625
paired T=49159 token=0.978125 string=0.78125
paired T=49160 token=1.0 string=1.0
paired T=65535 token=0.640625 string=0.0625
paired T=65536 token=0.996875 string=0.96875
paired T=65537 token=0.9875 string=0.875
paired T=98303 token=0.634375 string=0.0625
paired T=98304 token=0.996875 string=0.96875
paired T=98305 token=0.984375 string=0.875
paired T=131071 token=0.546875 string=0.03125
paired T=131072 token=0.9875 string=0.875
