===== step 1000 =====
[日本の首都は] 日本の首都は100万ドルで最も広がり、現在に至ります。

[昔々あるところに] 昔々あるところに、あたしは自分の力でやっていることがわかりますよ。
あんこで食べ物に食べている。
「カオ」は、そういった意味で、12年の世界での仕事が出来て来てくれました！！
12月29日と金曜14時〜2014年9月15日(金)まで
[人工知能とは] 人工知能とは知っているのは、本物だからと知っているので、おはぎにくいしつけをしました。
ちなみに、最近では、フロアでの販売のメリットとデメリットとデュアルレが数値だったため、マネジメントと違う場所です。
ただ、自分の好きな人は、あまり使わないようにしてください。
これって、今、こんなことない
===== step 2000 =====
[日本の首都は] 日本の首都は、日韓関係の変化から、中国人への配慮に重きを置いており、
そう思って、北朝鮮と中国をはじめ中国と対比し、
そして、日本と米軍の交渉に積極的に関与するとか、朝鮮の人たちを守るための政策が、
自国にいるのは日本の日本軍の実効
[昔々あるところに] 昔々あるところに、この事件が「死にたい」ってのがあった時も、14人の被害者に被害者で、
被害者となってしまった親は、離婚の理由を、
何と言っているのかがよく分かりませんでしたが、

[人工知能とは] 人工知能とは、一日や一部で何種類か存在しております。
中小企業の株を買うときは、個人主義者というものがありますので、この点は、「個人投資家」から、企業から商品を売買してくれるようなものなのか、を示す可能性もあります。
「株価」とは「価格」「在庫」によって表示されます。
「投資信託
===== step 3000 =====
[日本の首都は] 日本の首都は、東京や渋谷・東北、名鉄と東西を結ぶ交通量が豊富である。
しかし、東京の東北の先行きは、地震の影響に驚くわけでもなく、都心への道が進むことを防ぐためには、北九州市の交通や路線を確保するべきである。
しかし、この地方の道
[昔々あるところに] 昔々あるところに泊められた店内はとても穏やかで親切で優雅な雰囲気と良質なカフェです。
お土産物店と共にマナーモードにしたいと思ったのですが、こちらからは「カジュアルな味がします」とのこと。
「イチゴの美味しさ」「味はすごい」と評判のお店も多く出
[人工知能とは] 人工知能とは、人間の生命体や人間などの生命体、生存、生物などの生物資、生物学、物質、生物学者、化学、生物生物学者等が結合する科学的根拠の特性を持つもの。
人工知能と人間の生態系に生じるものであることを、動作
===== step 4000 =====
[日本の首都は] 日本の首都は、その土地があまりに美しくありません。国内では、このまま、この地域で、どこで何が起こるか分からないものも含めて、自然に身の回復を見渡せます。
日本の地域では、安倍政権が北朝鮮の平和、保有国となったという事実によって日本は「侵略」しているのではないかと考えたのです
[昔々あるところに] 昔々あるところに「白雪姫」という街があったりします。
「かぐや姫」で有名な八王子の「あやがれ」は、まさか宇津姫が一番知る由もないわけでもないし、もし、この世の終わりというものがあるとされるのは、この場所で言うところの『新春大河大空』だったのかもしれ
[人工知能とは] 人工知能とは、人間が生きていくうえで、人間性や生命、生命等の生命を尊重する物質のことである。それ故、その意味で人間は人間の欲を抑えたりする。それを考えれば、人間の身の危険を覚えようとしている。人間は、生き物、生き物と人間の生命の生命を、そして
===== step 5000 =====
[日本の首都は] 日本の首都は、観光客が多すぎて日本から観光客も少なくありません。その分、日本は日本にも多いようです。そこで今回は、「大統領候補の一覧表」から、簡単に中国の選挙区や、各地区の都市部へ観光地を探す人が出てきます。
また、日本の大学が全人民銀行(JVC)の口座を開
[昔々あるところに] 昔々あるところに、オカズが集まったお正月用に、夏の夜の思い出が広がったり、季節が落ち着いたときにまた、新しいお土産にお出かけする機会があるかもしれませんよ☆
10月に入って一気に夏野菜の野菜が15～20℃、冬に暖かくなり、日中は涼しく冬は暖かくなり、
[人工知能とは] 人工知能とは、人間の知性、知覚や情報などを研究し、人類が実践する「人間の哲学」の構成が、学問の学問の特色として世界の発達の研究を引き受け、人間の生活と人間の生活を融合したものです。これは、人類と人間の思想に基づき、人間の進化を
