Using checkpoint: model
Loading weights:   0%|          | 0/27 [00:00<?, ?it/s]Loading weights: 100%|██████████| 27/27 [00:00<00:00, 10012.93it/s]
Evaluating /mnt/raid0/RecursiveCompressor/experiments/logkv-rope-only-20260909/extension-131072/exp/copying/retrieval-rope-no-phase-fixed10-20260909/model on 41 horizons (T=1..131072), 256 samples each, device=cuda:0
T=      1 | token 0.9965 | string 0.9648 | 0.6s <= train horizon
T=      2 | token 0.9840 | string 0.8594 | 0.0s <= train horizon
T=      3 | token 0.8160 | string 0.0391 | 0.0s <= train horizon
T=      4 | token 0.9988 | string 0.9922 | 0.0s <= train horizon
T=      5 | token 0.9836 | string 0.8477 | 0.0s <= train horizon
T=      6 | token 0.9820 | string 0.8203 | 0.0s <= train horizon
T=      7 | token 0.9414 | string 0.4688 | 0.0s <= train horizon
T=      8 | token 0.9996 | string 0.9961 | 0.0s <= train horizon
T=      9 | token 0.9680 | string 0.6836 | 0.0s <= train horizon
T=     10 | token 0.9910 | string 0.9141 | 0.0s <= train horizon
T=     11 | token 0.9957 | string 0.9570 | 0.0s <= train horizon
T=     12 | token 0.9980 | string 0.9844 | 0.0s <= train horizon
T=     13 | token 0.9727 | string 0.7344 | 0.0s <= train horizon
T=     14 | token 0.9949 | string 0.9492 | 0.0s <= train horizon
T=     16 | token 0.9965 | string 0.9727 | 0.0s <= train horizon
T=     24 | token 1.0000 | string 1.0000 | 0.0s <= train horizon
T=     32 | token 0.9957 | string 0.9570 | 0.0s <= train horizon
T=     48 | token 0.9973 | string 0.9727 | 0.1s <= train horizon
T=     64 | token 0.9945 | string 0.9492 | 0.1s <= train horizon
T=     96 | token 0.9977 | string 0.9766 | 0.1s <= train horizon
T=    128 | token 0.9977 | string 0.9766 | 0.1s <= train horizon
T=    192 | token 0.9992 | string 0.9922 | 0.2s <= train horizon
T=    256 | token 0.9969 | string 0.9688 | 0.3s <= train horizon
T=    384 | token 0.9938 | string 0.9414 | 0.5s <= train horizon
T=    512 | token 0.9965 | string 0.9688 | 0.6s <= train horizon
T=    768 | token 0.9977 | string 0.9766 | 0.9s <= train horizon
T=   1024 | token 0.9980 | string 0.9805 | 1.4s <= train horizon
T=   1536 | token 0.9965 | string 0.9648 | 2.1s <= train horizon
T=   2048 | token 0.9984 | string 0.9844 | 2.8s
T=   3072 | token 0.9973 | string 0.9727 | 4.3s
T=   4096 | token 0.9961 | string 0.9609 | 6.6s
T=   6144 | token 0.9980 | string 0.9805 | 10.1s
T=   8192 | token 0.9977 | string 0.9766 | 13.4s
T=  12288 | token 0.9988 | string 0.9883 | 20.0s
T=  16384 | token 0.9980 | string 0.9805 | 28.3s
T=  24576 | token 0.9965 | string 0.9648 | 43.3s
T=  32768 | token 0.9961 | string 0.9609 | 59.4s
T=  49152 | token 0.9980 | string 0.9805 | 90.5s
T=  65536 | token 0.9906 | string 0.9062 | 122.1s
T=  98304 | token 0.9953 | string 0.9531 | 188.3s
T= 131072 | token 0.9965 | string 0.9648 | 254.0s
Saved /mnt/raid0/RecursiveCompressor/experiments/logkv-rope-only-20260909/extension-131072/exp/copying/retrieval-rope-no-phase-fixed10-20260909/results.json
Saved /mnt/raid0/RecursiveCompressor/experiments/logkv-rope-only-20260909/extension-131072/exp/copying/retrieval-rope-no-phase-fixed10-20260909/plot.png
