Using checkpoint: model
Loading weights:   0%|          | 0/39 [00:00<?, ?it/s]Loading weights: 100%|██████████| 39/39 [00:00<00:00, 7249.18it/s]
Evaluating /mnt/raid0/RecursiveCompressor/experiments/logkv-no-position-3layer-20260913/exp/copying/no-position-3layer-fixed10-20260913/model on 41 horizons (T=1..131072), 256 samples each, device=cuda:0
T=      1 | token 0.9973 | string 0.9805 | 0.6s <= train horizon
T=      2 | token 0.9973 | string 0.9727 | 0.0s <= train horizon
T=      3 | token 0.9898 | string 0.9102 | 0.0s <= train horizon
T=      4 | token 0.9902 | string 0.9141 | 0.0s <= train horizon
T=      5 | token 0.9754 | string 0.7852 | 0.0s <= train horizon
T=      6 | token 0.9121 | string 0.3594 | 0.0s <= train horizon
T=      7 | token 0.9941 | string 0.9453 | 0.0s <= train horizon
T=      8 | token 0.9371 | string 0.4141 | 0.0s <= train horizon
T=      9 | token 0.9156 | string 0.3828 | 0.0s <= train horizon
T=     10 | token 0.9320 | string 0.5078 | 0.0s <= train horizon
T=     11 | token 0.9914 | string 0.9297 | 0.0s <= train horizon
T=     12 | token 0.9672 | string 0.6719 | 0.0s <= train horizon
T=     13 | token 0.9727 | string 0.7773 | 0.0s <= train horizon
T=     14 | token 0.9926 | string 0.9258 | 0.0s <= train horizon
T=     16 | token 0.9906 | string 0.9102 | 0.0s <= train horizon
T=     24 | token 0.9523 | string 0.5391 | 0.0s <= train horizon
T=     32 | token 0.9969 | string 0.9727 | 0.0s <= train horizon
T=     48 | token 0.7473 | string 0.0000 | 0.0s <= train horizon
T=     64 | token 0.9738 | string 0.7617 | 0.1s <= train horizon
T=     96 | token 0.9902 | string 0.9062 | 0.1s <= train horizon
T=    128 | token 0.9730 | string 0.7656 | 0.1s <= train horizon
T=    192 | token 0.9781 | string 0.8008 | 0.1s <= train horizon
T=    256 | token 0.8363 | string 0.0352 | 0.2s <= train horizon
T=    384 | token 0.8297 | string 0.0391 | 0.3s <= train horizon
T=    512 | token 0.8383 | string 0.0508 | 0.4s <= train horizon
T=    768 | token 0.8309 | string 0.0312 | 0.6s <= train horizon
T=   1024 | token 0.4246 | string 0.0000 | 0.9s <= train horizon
T=   1536 | token 0.4121 | string 0.0000 | 1.4s <= train horizon
T=   2048 | token 0.4133 | string 0.0000 | 1.8s
T=   3072 | token 0.4168 | string 0.0000 | 2.8s
T=   4096 | token 0.4129 | string 0.0000 | 4.1s
T=   6144 | token 0.4293 | string 0.0000 | 6.3s
T=   8192 | token 0.4199 | string 0.0000 | 8.2s
T=  12288 | token 0.4281 | string 0.0000 | 12.1s
T=  16384 | token 0.4195 | string 0.0000 | 17.0s
T=  24576 | token 0.4328 | string 0.0000 | 25.8s
T=  32768 | token 0.4465 | string 0.0000 | 34.6s
T=  49152 | token 0.4398 | string 0.0000 | 52.3s
T=  65536 | token 0.4164 | string 0.0000 | 70.8s
T=  98304 | token 0.4359 | string 0.0000 | 109.2s
T= 131072 | token 0.4172 | string 0.0000 | 147.3s
Saved /mnt/raid0/RecursiveCompressor/experiments/logkv-no-position-3layer-20260913/exp/copying/no-position-3layer-fixed10-20260913/results.json
Saved /mnt/raid0/RecursiveCompressor/experiments/logkv-no-position-3layer-20260913/exp/copying/no-position-3layer-fixed10-20260913/plot.png
