Using checkpoint: model_best
Loading weights:   0%|          | 0/27 [00:00<?, ?it/s]Loading weights: 100%|██████████| 27/27 [00:00<00:00, 6652.93it/s]
Evaluating /mnt/raid0/RecursiveCompressor/experiments/logkv-rope-scale-20260910/exp/copying/alpha-2over3-fixed10-20260910/model_best on 41 horizons (T=1..131072), 256 samples each, device=cuda:0
T=      1 | token 1.0000 | string 1.0000 | 0.6s <= train horizon
T=      2 | token 1.0000 | string 1.0000 | 0.0s <= train horizon
T=      3 | token 0.9996 | string 0.9961 | 0.0s <= train horizon
T=      4 | token 0.9996 | string 0.9961 | 0.0s <= train horizon
T=      5 | token 1.0000 | string 1.0000 | 0.0s <= train horizon
T=      6 | token 0.9996 | string 0.9961 | 0.0s <= train horizon
T=      7 | token 1.0000 | string 1.0000 | 0.0s <= train horizon
T=      8 | token 1.0000 | string 1.0000 | 0.0s <= train horizon
T=      9 | token 1.0000 | string 1.0000 | 0.0s <= train horizon
T=     10 | token 1.0000 | string 1.0000 | 0.0s <= train horizon
T=     11 | token 1.0000 | string 1.0000 | 0.0s <= train horizon
T=     12 | token 0.9996 | string 0.9961 | 0.0s <= train horizon
T=     13 | token 1.0000 | string 1.0000 | 0.0s <= train horizon
T=     14 | token 1.0000 | string 1.0000 | 0.0s <= train horizon
T=     16 | token 0.9996 | string 0.9961 | 0.0s <= train horizon
T=     24 | token 0.9992 | string 0.9922 | 0.0s <= train horizon
T=     32 | token 0.9996 | string 0.9961 | 0.0s <= train horizon
T=     48 | token 0.9996 | string 0.9961 | 0.0s <= train horizon
T=     64 | token 1.0000 | string 1.0000 | 0.1s <= train horizon
T=     96 | token 0.9996 | string 0.9961 | 0.1s <= train horizon
T=    128 | token 0.9996 | string 0.9961 | 0.1s <= train horizon
T=    192 | token 1.0000 | string 1.0000 | 0.2s <= train horizon
T=    256 | token 1.0000 | string 1.0000 | 0.3s <= train horizon
T=    384 | token 0.9996 | string 0.9961 | 0.4s <= train horizon
T=    512 | token 1.0000 | string 1.0000 | 0.5s <= train horizon
T=    768 | token 1.0000 | string 1.0000 | 0.7s <= train horizon
T=   1024 | token 1.0000 | string 1.0000 | 1.1s <= train horizon
T=   1536 | token 0.9996 | string 0.9961 | 1.7s <= train horizon
T=   2048 | token 1.0000 | string 1.0000 | 2.3s
T=   3072 | token 1.0000 | string 1.0000 | 3.5s
T=   4096 | token 0.9996 | string 0.9961 | 5.3s
T=   6144 | token 1.0000 | string 1.0000 | 8.1s
T=   8192 | token 1.0000 | string 1.0000 | 10.8s
T=  12288 | token 1.0000 | string 1.0000 | 16.1s
T=  16384 | token 0.9969 | string 0.9688 | 22.5s
T=  24576 | token 0.9980 | string 0.9805 | 35.1s
T=  32768 | token 0.9988 | string 0.9961 | 47.8s
T=  49152 | token 0.9996 | string 0.9961 | 70.9s
T=  65536 | token 0.9828 | string 0.8281 | 96.0s
T=  98304 | token 0.9816 | string 0.8164 | 149.3s
T= 131072 | token 1.0000 | string 1.0000 | 203.9s
Saved /mnt/raid0/RecursiveCompressor/experiments/logkv-rope-scale-20260910/exp/copying/alpha-2over3-fixed10-20260910/results.json
Saved /mnt/raid0/RecursiveCompressor/experiments/logkv-rope-scale-20260910/exp/copying/alpha-2over3-fixed10-20260910/plot.png
Loading weights:   0%|          | 0/27 [00:00<?, ?it/s]Loading weights: 100%|██████████| 27/27 [00:00<00:00, 6422.40it/s]
paired T=3 token=0.996875 string=0.96875
paired T=16 token=1.0 string=1.0
paired T=8192 token=1.0 string=1.0
paired T=16383 token=1.0 string=1.0
paired T=16384 token=1.0 string=1.0
paired T=16385 token=0.99375 string=0.9375
paired T=32767 token=1.0 string=1.0
paired T=32768 token=1.0 string=1.0
paired T=32769 token=1.0 string=1.0
paired T=49144 token=1.0 string=1.0
paired T=49145 token=1.0 string=1.0
paired T=49146 token=0.878125 string=0.09375
paired T=49147 token=0.928125 string=0.28125
paired T=49148 token=1.0 string=1.0
paired T=49149 token=1.0 string=1.0
paired T=49150 token=1.0 string=1.0
paired T=49151 token=1.0 string=1.0
paired T=49152 token=1.0 string=1.0
paired T=49153 token=1.0 string=1.0
paired T=49154 token=1.0 string=1.0
paired T=49155 token=1.0 string=1.0
paired T=49156 token=1.0 string=1.0
paired T=49157 token=1.0 string=1.0
paired T=49158 token=1.0 string=1.0
paired T=49159 token=1.0 string=1.0
paired T=49160 token=1.0 string=1.0
paired T=65535 token=0.996875 string=0.96875
paired T=65536 token=0.9875 string=0.875
paired T=65537 token=0.975 string=0.75
paired T=98303 token=0.996875 string=0.96875
paired T=98304 token=0.9875 string=0.875
paired T=98305 token=0.975 string=0.75
paired T=131071 token=1.0 string=1.0
paired T=131072 token=1.0 string=1.0
