Loading weights:   0%|          | 0/35 [00:00<?, ?it/s]Loading weights: 100%|██████████| 35/35 [00:00<00:00, 6626.37it/s]
T=4064 token=1.0000 string=256/256 digits=[256, 256, 256, 256, 256, 256, 256, 256, 256, 256]
T=4065 token=1.0000 string=256/256 digits=[256, 256, 256, 256, 256, 256, 256, 256, 256, 256]
T=4066 token=1.0000 string=256/256 digits=[256, 256, 256, 256, 256, 256, 256, 256, 256, 256]
T=4067 token=1.0000 string=256/256 digits=[256, 256, 256, 256, 256, 256, 256, 256, 256, 256]
T=4068 token=1.0000 string=256/256 digits=[256, 256, 256, 256, 256, 256, 256, 256, 256, 256]
T=4069 token=1.0000 string=256/256 digits=[256, 256, 256, 256, 256, 256, 256, 256, 256, 256]
T=4070 token=1.0000 string=256/256 digits=[256, 256, 256, 256, 256, 256, 256, 256, 256, 256]
T=4071 token=1.0000 string=256/256 digits=[256, 256, 256, 256, 256, 256, 256, 256, 256, 256]
T=4072 token=1.0000 string=256/256 digits=[256, 256, 256, 256, 256, 256, 256, 256, 256, 256]
T=4073 token=1.0000 string=256/256 digits=[256, 256, 256, 256, 256, 256, 256, 256, 256, 256]
T=4074 token=1.0000 string=256/256 digits=[256, 256, 256, 256, 256, 256, 256, 256, 256, 256]
T=4075 token=1.0000 string=256/256 digits=[256, 256, 256, 256, 256, 256, 256, 256, 256, 256]
T=4076 token=1.0000 string=256/256 digits=[256, 256, 256, 256, 256, 256, 256, 256, 256, 256]
T=4077 token=0.9734 string=188/256 digits=[256, 256, 256, 256, 256, 256, 256, 256, 256, 188]
T=4078 token=0.8352 string=11/256 digits=[256, 256, 256, 256, 256, 256, 256, 256, 33, 57]
T=4079 token=0.8594 string=29/256 digits=[256, 256, 256, 256, 256, 256, 256, 64, 159, 185]
T=4080 token=0.6473 string=0/256 digits=[256, 256, 256, 256, 256, 256, 26, 27, 41, 27]
T=4081 token=0.6109 string=0/256 digits=[256, 256, 256, 256, 256, 80, 41, 82, 52, 29]
T=4082 token=0.5949 string=0/256 digits=[256, 256, 256, 256, 102, 96, 69, 45, 132, 55]
T=4083 token=0.6465 string=0/256 digits=[256, 256, 256, 185, 153, 95, 66, 52, 148, 188]
T=4084 token=0.6824 string=2/256 digits=[256, 256, 207, 212, 202, 100, 73, 62, 155, 224]
T=4085 token=0.5352 string=0/256 digits=[256, 26, 85, 167, 207, 100, 71, 78, 161, 219]
T=4086 token=0.4402 string=0/256 digits=[0, 44, 115, 195, 159, 104, 68, 77, 162, 203]
T=4087 token=0.6246 string=1/256 digits=[200, 162, 218, 210, 213, 104, 71, 59, 147, 215]
T=4088 token=0.6320 string=2/256 digits=[201, 167, 212, 217, 215, 97, 71, 60, 154, 224]
T=4089 token=0.6250 string=2/256 digits=[201, 172, 213, 204, 230, 98, 69, 60, 145, 208]
T=4090 token=0.6355 string=2/256 digits=[203, 174, 216, 205, 225, 96, 66, 61, 158, 223]
T=4091 token=0.6250 string=2/256 digits=[202, 167, 216, 206, 213, 104, 71, 59, 147, 215]
T=4092 token=0.6301 string=2/256 digits=[201, 167, 210, 217, 213, 96, 72, 59, 154, 224]
T=4093 token=0.6211 string=1/256 digits=[201, 167, 213, 204, 230, 98, 69, 60, 146, 202]
T=4094 token=0.6352 string=2/256 digits=[203, 174, 216, 205, 225, 96, 66, 61, 152, 228]
T=4095 token=0.6324 string=2/256 digits=[202, 167, 215, 206, 213, 104, 71, 64, 166, 211]
T=4096 token=0.6289 string=1/256 digits=[201, 168, 210, 216, 212, 97, 70, 57, 156, 223]
T=4097 token=0.6328 string=2/256 digits=[202, 166, 213, 204, 230, 101, 73, 62, 151, 218]
T=4098 token=0.6379 string=4/256 digits=[204, 174, 216, 205, 225, 96, 68, 60, 159, 226]
T=4099 token=0.6242 string=2/256 digits=[201, 168, 215, 203, 218, 102, 68, 61, 147, 215]
T=4100 token=0.6332 string=3/256 digits=[202, 168, 208, 205, 228, 103, 70, 61, 152, 224]
T=4101 token=0.6320 string=2/256 digits=[201, 174, 214, 202, 230, 101, 69, 62, 151, 214]
T=4102 token=0.6324 string=3/256 digits=[196, 169, 222, 203, 225, 97, 65, 61, 155, 226]
T=4103 token=0.6270 string=2/256 digits=[204, 168, 219, 209, 212, 103, 71, 59, 145, 215]
T=4104 token=0.6340 string=2/256 digits=[200, 168, 212, 210, 219, 102, 71, 63, 154, 224]
T=4105 token=0.6270 string=2/256 digits=[200, 173, 212, 204, 230, 98, 69, 64, 145, 210]
T=4106 token=0.6344 string=3/256 digits=[203, 168, 217, 204, 226, 98, 67, 60, 157, 224]
T=4107 token=0.6238 string=2/256 digits=[203, 168, 217, 206, 212, 103, 69, 59, 145, 215]
T=4108 token=0.6359 string=3/256 digits=[200, 169, 212, 211, 218, 105, 71, 63, 155, 224]
T=4109 token=0.6227 string=2/256 digits=[200, 171, 212, 204, 230, 98, 69, 63, 145, 202]
T=4110 token=0.6344 string=3/256 digits=[204, 168, 217, 204, 225, 98, 68, 60, 152, 228]
T=4111 token=0.6332 string=2/256 digits=[203, 168, 218, 206, 212, 103, 71, 64, 165, 211]
T=4112 token=0.6328 string=1/256 digits=[200, 168, 213, 212, 217, 104, 74, 57, 153, 222]
