Using checkpoint: model
Loading weights:   0%|          | 0/39 [00:00<?, ?it/s]Loading weights: 100%|██████████| 39/39 [00:00<00:00, 5325.49it/s]
Evaluating /mnt/raid0/RecursiveCompressor/experiments/logkv-no-position-3layer-20260913/exp/selective-copying/no-position-3layer-fixed10-20260913/model on 41 horizons (T=1..131072), 256 samples each, device=cuda:0
T=      1 | token 0.9996 | string 0.9961 | 0.6s <= train horizon
T=      2 | token 0.9898 | string 0.9102 | 0.0s <= train horizon
T=      3 | token 0.9711 | string 0.7695 | 0.0s <= train horizon
T=      4 | token 0.8949 | string 0.3320 | 0.0s <= train horizon
T=      5 | token 0.8820 | string 0.2461 | 0.0s <= train horizon
T=      6 | token 0.8199 | string 0.1172 | 0.0s <= train horizon
T=      7 | token 0.8559 | string 0.1953 | 0.0s <= train horizon
T=      8 | token 0.8672 | string 0.2969 | 0.0s <= train horizon
T=      9 | token 0.8945 | string 0.3594 | 0.0s <= train horizon
T=     10 | token 0.7883 | string 0.0234 | 0.0s <= train horizon
T=     11 | token 0.8375 | string 0.1875 | 0.0s <= train horizon
T=     12 | token 0.8145 | string 0.0781 | 0.0s <= train horizon
T=     13 | token 0.8441 | string 0.1289 | 0.0s <= train horizon
T=     14 | token 0.8816 | string 0.3008 | 0.0s <= train horizon
T=     16 | token 0.8508 | string 0.1719 | 0.0s <= train horizon
T=     24 | token 0.8535 | string 0.2148 | 0.0s <= train horizon
T=     32 | token 0.8145 | string 0.1055 | 0.0s <= train horizon
T=     48 | token 0.6230 | string 0.0000 | 0.0s <= train horizon
T=     64 | token 0.7691 | string 0.0625 | 0.0s <= train horizon
T=     96 | token 0.8055 | string 0.0977 | 0.1s <= train horizon
T=    128 | token 0.7836 | string 0.0859 | 0.1s <= train horizon
T=    192 | token 0.7836 | string 0.0469 | 0.1s <= train horizon
T=    256 | token 0.6531 | string 0.0000 | 0.2s <= train horizon
T=    384 | token 0.7895 | string 0.0703 | 0.3s <= train horizon
T=    512 | token 0.6637 | string 0.0039 | 0.4s <= train horizon
T=    768 | token 0.6867 | string 0.0156 | 0.6s <= train horizon
T=   1024 | token 0.6414 | string 0.0039 | 0.9s <= train horizon
T=   1536 | token 0.6559 | string 0.0000 | 1.3s <= train horizon
T=   2048 | token 0.6281 | string 0.0000 | 1.7s
T=   3072 | token 0.6367 | string 0.0039 | 2.6s
T=   4096 | token 0.6121 | string 0.0000 | 3.8s
T=   6144 | token 0.6266 | string 0.0000 | 5.8s
T=   8192 | token 0.6227 | string 0.0039 | 7.5s
T=  12288 | token 0.6238 | string 0.0000 | 11.2s
T=  16384 | token 0.6133 | string 0.0000 | 15.7s
T=  24576 | token 0.6242 | string 0.0000 | 23.7s
T=  32768 | token 0.6074 | string 0.0039 | 31.9s
T=  49152 | token 0.6184 | string 0.0000 | 48.1s
T=  65536 | token 0.5898 | string 0.0000 | 65.1s
T=  98304 | token 0.5750 | string 0.0039 | 100.4s
T= 131072 | token 0.5734 | string 0.0000 | 135.9s
Saved /mnt/raid0/RecursiveCompressor/experiments/logkv-no-position-3layer-20260913/exp/selective-copying/no-position-3layer-fixed10-20260913/results.json
Saved /mnt/raid0/RecursiveCompressor/experiments/logkv-no-position-3layer-20260913/exp/selective-copying/no-position-3layer-fixed10-20260913/plot.png
